// Jest Snapshot v1, https://goo.gl/fbAQLP

exports[`Footer should render correctly 1`] = `
ShallowWrapper {
  "length": 1,
  Symbol(enzyme.__root__): [Circular],
  Symbol(enzyme.__unrendered__): <div>
    <img
      alt="Adnami footer logo"
      class="Footer-footer__logo-3BzF-"
      src="/assets/src/components/Footer/footer-logo-color.png?220e400b"
    />
  </div>,
  Symbol(enzyme.__renderer__): Object {
    "batchedUpdates": [Function],
    "getNode": [Function],
    "render": [Function],
    "simulateEvent": [Function],
    "unmount": [Function],
  },
  Symbol(enzyme.__node__): Object {
    "instance": null,
    "key": undefined,
    "nodeType": "host",
    "props": Object {
      "children": <img
        alt="Adnami footer logo"
        class="Footer-footer__logo-3BzF-"
        src="/assets/src/components/Footer/footer-logo-color.png?220e400b"
      />,
    },
    "ref": null,
    "rendered": Object {
      "instance": null,
      "key": undefined,
      "nodeType": "host",
      "props": Object {
        "alt": "Adnami footer logo",
        "class": "Footer-footer__logo-3BzF-",
        "src": "/assets/src/components/Footer/footer-logo-color.png?220e400b",
      },
      "ref": null,
      "rendered": null,
      "type": "img",
    },
    "type": "div",
  },
  Symbol(enzyme.__nodes__): Array [
    Object {
      "instance": null,
      "key": undefined,
      "nodeType": "host",
      "props": Object {
        "children": <img
          alt="Adnami footer logo"
          class="Footer-footer__logo-3BzF-"
          src="/assets/src/components/Footer/footer-logo-color.png?220e400b"
        />,
      },
      "ref": null,
      "rendered": Object {
        "instance": null,
        "key": undefined,
        "nodeType": "host",
        "props": Object {
          "alt": "Adnami footer logo",
          "class": "Footer-footer__logo-3BzF-",
          "src": "/assets/src/components/Footer/footer-logo-color.png?220e400b",
        },
        "ref": null,
        "rendered": null,
        "type": "img",
      },
      "type": "div",
    },
  ],
  Symbol(enzyme.__options__): Object {
    "adapter": ReactSixteenAdapter {
      "options": Object {
        "enableComponentDidUpdateOnSetState": true,
      },
    },
  },
}
`;
